GNU Tool Chain  

Linker command line:

\
  --edf=C:\Users\ulrd0\OneDrive - Udyamlabs LLP\Fisher Wallace\OneDrive_2023-11-16\Source Code Shared to UL\IDE3.0.9\data\dat\en_msgs.txt \
  -cs -h+cc_2033anmo.sym --cmf=cc_2033anmo.cmf -z -QFT62F08X \
  -oC:\Users\ulrd0\AppData\Local\Temp\s1blk.2 -Mcc_2033anmo.map -E1 \
  -ver=XC8 -ASTACK=02067h-023efh -pstack=STACK -p_ad3nop_text=3h \
  -ACODE=00h-07FFhx4 -ASTRCODE=00h-01FFFh -ASTRING=00h-0FFhx32 \
  -ACONST=00h-0FFhx32 -AENTRY=00h-0FFhx32 -ACOMMON=070h-07Fh \
  -ABANK0=020h-06Fh -ABANK1=0A0h-0EFh -ABANK2=0120h-016Fh \
  -ABANK3=01A0h-01EFh -ABANK4=0220h-026Fh -ABANK5=02A0h-02EFh \
  -ABANK6=0320h-036Fh -ABANK7=03A0h-03EFh -ABANK8=0420h-046Fh \
  -ABANK9=04A0h-04EFh -ABANK10=0520h-056Fh -ABANK11=05A0h-05EFh \
  -ABANK12=0620h-064Fh -ABIGRAM=02000h-023EFh \
  -ARAM=020h-06Fh,0A0h-0EFh,0120h-016Fh,01A0h-01EFh,0220h-026Fh,02A0h-02EFh,0320h-036Fh,03A0h-03EFh,0420h-046Fh,04A0h-04EFh,0520h-056Fh,05A0h-05EFh,0620h-064Fh \
  -AABS1=020h-07Fh,0A0h-0EFh,0120h-016Fh,01A0h-01EFh,0220h-026Fh,02A0h-02EFh,0320h-036Fh,03A0h-03EFh,0420h-046Fh,04A0h-04EFh,0520h-056Fh,05A0h-05EFh,0620h-064Fh \
  -ASFR0=00h-01Fh -ASFR1=080h-09Fh -ASFR2=0100h-011Fh -ASFR3=0180h-019Fh \
  -ASFR4=0200h-021Fh -ASFR5=0280h-029Fh -ASFR6=0300h-031Fh \
  -ASFR7=0380h-039Fh -ASFR8=0400h-041Fh -ASFR9=0480h-049Fh \
  -ASFR10=0500h-051Fh -ASFR11=0580h-059Fh -ASFR12=0600h-061Fh \
  -ASFR13=0680h-06EFh -ASFR14=0700h-076Fh -ASFR15=0780h-07EFh \
  -ASFR16=0800h-086Fh -ASFR17=0880h-08EFh -ASFR18=0900h-096Fh \
  -ASFR19=0980h-09EFh -ASFR20=0A00h-0A6Fh -ASFR21=0A80h-0AEFh \
  -ASFR22=0B00h-0B6Fh -ASFR23=0B80h-0BEFh -ASFR24=0C00h-0C6Fh \
  -ASFR25=0C80h-0CEFh -ASFR26=0D00h-0D6Fh -ASFR27=0D80h-0DEFh \
  -ASFR28=0E00h-0E6Fh -ASFR29=0E80h-0EEFh -ASFR30=0F00h-0F6Fh \
  -ASFR31=0F80h-0FEFh -preset_vec=00h,intentry=04h,init,end_init \
  -ppowerup=CODE -pcinit=CODE -pfunctab=ENTRY -ACONFIG=08007h-08008h \
  -pconfig=CONFIG -DCONFIG=2 -AIDLOC=08000h-08003h -pidloc=IDLOC -DIDLOC=2 \
  -AEEDATA=00h-0FFh/0F000h -peeprom_data=EEDATA -DEEDATA=2 -DCODE=2 \
  -DSTRCODE=2 -DSTRING=2 -DCONST=2 -DENTRY=2 -k \
  C:\Users\ulrd0\AppData\Local\Temp\s1blk.obj cc_2033anmo.obj 

Object code version is 3.11

Machine type is FT62F08X



                Name                               Link     Load   Length Selector   Space Scale
C:\Users\ulrd0\AppData\Local\Temp\s1blk.obj
                end_init                             2F       2F        2        8       0
                reset_vec                             0        0        2        0       0
cc_2033anmo.obj cinit                                31       31      3D9        8       0
                intentry                              4        4       2B        8       0
                cstackBANK0                          67       67        8       20       1
                cstackCOMMON                         72       72        C       70       1
                clrtext                             40A      40A        6        8       0
                bssBANK1                             A0       A0       17       A0       1
                bssBANK0                             20       20       42       20       1
                bitbssBANK0                         310       62       23       20       1     8
                bitbssCOMMON                        380       70        F       70       1     8
                _ad3nop_text                          3        3        1        6       0

TOTAL           Name                               Link     Load   Length     Space
        CLASS   STACK          

        CLASS   CODE           
                end_init                             2F       2F        2         0
                cinit                                31       31      3D9         0
                intentry                              4        4       2B         0
                reset_vec                             0        0        2         0
                clrtext                             40A      40A        6         0
                _ad3nop_text                          3        3        1         0

        CLASS   STRCODE        

        CLASS   STRING         

        CLASS   CONST          

        CLASS   ENTRY          

        CLASS   COMMON         
                cstackCOMMON                         72       72        C         1
                bitbssCOMMON                        380       70        F         1

        CLASS   BANK0          
                cstackBANK0                          67       67        8         1
                bssBANK0                             20       20       42         1
                bitbssBANK0                         310       62       23         1

        CLASS   BANK1          
                bssBANK1                             A0       A0       17         1

        CLASS   BANK2          

        CLASS   BANK3          

        CLASS   BANK4          

        CLASS   BANK5          

        CLASS   BANK6          

        CLASS   BANK7          

        CLASS   BANK8          

        CLASS   BANK9          

        CLASS   BANK10         

        CLASS   BANK11         

        CLASS   BANK12         

        CLASS   BIGRAM         

        CLASS   RAM            

        CLASS   ABS1           
                abs_s1                               7E       7E        2         1

        CLASS   SFR0           

        CLASS   SFR1           

        CLASS   SFR2           

        CLASS   SFR3           

        CLASS   SFR4           

        CLASS   SFR5           

        CLASS   SFR6           

        CLASS   SFR7           

        CLASS   SFR8           

        CLASS   SFR9           

        CLASS   SFR10          

        CLASS   SFR11          

        CLASS   SFR12          

        CLASS   SFR13          

        CLASS   SFR14          

        CLASS   SFR15          

        CLASS   SFR16          

        CLASS   SFR17          

        CLASS   SFR18          

        CLASS   SFR19          

        CLASS   SFR20          

        CLASS   SFR21          

        CLASS   SFR22          

        CLASS   SFR23          

        CLASS   SFR24          

        CLASS   SFR25          

        CLASS   SFR26          

        CLASS   SFR27          

        CLASS   SFR28          

        CLASS   SFR29          

        CLASS   SFR30          

        CLASS   SFR31          

        CLASS   CONFIG         

        CLASS   IDLOC          

        CLASS   EEDATA         

        CLASS   BANK31         

        CLASS   BANK30         

        CLASS   BANK29         

        CLASS   BANK28         

        CLASS   BANK27         

        CLASS   BANK26         

        CLASS   BANK25         

        CLASS   BANK24         

        CLASS   BANK23         

        CLASS   BANK22         

        CLASS   BANK21         

        CLASS   BANK20         

        CLASS   BANK19         

        CLASS   BANK18         

        CLASS   BANK17         

        CLASS   BANK16         

        CLASS   BANK15         

        CLASS   BANK14         

        CLASS   BANK13         



SEGMENTS        Name                           Load    Length   Top    Selector   Space  Class     Delta

                reset_vec                      000000  000002  000002         0       0  CODE        2
                _ad3nop_text                   000003  000001  000004         6       0  CODE        2
                intentry                       000004  00040C  000410         8       0  CODE        2
                bssBANK0                       000020  00004F  00006F        20       1  BANK0       1
                bitbssCOMMON                   000070  00000E  00007E        70       1  COMMON      1
                bssBANK1                       0000A0  000017  0000B7        A0       1  BANK1       1


UNUSED ADDRESS RANGES

        Name                Unused          Largest block    Delta
        BANK0            006F-006F              1           1
        BANK1            00B7-00EF             39           1
        BANK10           0520-056F             50           1
        BANK11           05A0-05EF             50           1
        BANK12           0620-064F             30           1
        BANK2            0120-016F             50           1
        BANK3            01A0-01EF             50           1
        BANK4            0220-026F             50           1
        BANK5            02A0-02EF             50           1
        BANK6            0320-036F             50           1
        BANK7            03A0-03EF             50           1
        BANK8            0420-046F             50           1
        BANK9            04A0-04EF             50           1
        BIGRAM           2000-23EF            3F0           1
        CODE             0002-0002              1           2
                         0410-1FFF            800
        CONFIG           8007-8008              2           2
        CONST            0002-0002              1           2
                         0410-1FFF            100
        EEDATA           F000-F0FF            100           2
        ENTRY            0002-0002              1           2
                         0410-1FFF            100
        IDLOC            8000-8003              4           2
        RAM              006F-006F              1           1
                         00B7-00EF             39
                         0120-016F             50
                         01A0-01EF             50
                         0220-026F             50
                         02A0-02EF             50
                         0320-036F             50
                         03A0-03EF             50
                         0420-046F             50
                         04A0-04EF             50
                         0520-056F             50
                         05A0-05EF             50
                         0620-064F             30
        SFR0             0000-001F             20           1
        SFR1             0080-009F             20           1
        SFR10            0500-051F             20           1
        SFR11            0580-059F             20           1
        SFR12            0600-061F             20           1
        SFR13            0680-06EF             70           1
        SFR14            0700-076F             70           1
        SFR15            0780-07EF             70           1
        SFR16            0800-086F             70           1
        SFR17            0880-08EF             70           1
        SFR18            0900-096F             70           1
        SFR19            0980-09EF             70           1
        SFR2             0100-011F             20           1
        SFR20            0A00-0A6F             70           1
        SFR21            0A80-0AEF             70           1
        SFR22            0B00-0B6F             70           1
        SFR23            0B80-0BEF             70           1
        SFR24            0C00-0C6F             70           1
        SFR25            0C80-0CEF             70           1
        SFR26            0D00-0D6F             70           1
        SFR27            0D80-0DEF             70           1
        SFR28            0E00-0E6F             70           1
        SFR29            0E80-0EEF             70           1
        SFR3             0180-019F             20           1
        SFR30            0F00-0F6F             70           1
        SFR31            0F80-0FEF             70           1
        SFR4             0200-021F             20           1
        SFR5             0280-029F             20           1
        SFR6             0300-031F             20           1
        SFR7             0380-039F             20           1
        SFR8             0400-041F             20           1
        SFR9             0480-049F             20           1
        STACK            2067-23EF            389           1
        STRCODE          0002-0002              1           2
                         0410-1FFF           1BF0
        STRING           0002-0002              1           2
                         0410-1FFF            100

                                  Symbol Table

?_GET_ADC_DATA              cstackCOMMON 0076
?___lmul                    cstackCOMMON 0072
?___wmul                    cstackCOMMON 0072
DelayUs@Time                cstackCOMMON 0072
DelayUs@a                   cstackCOMMON 0074
GET_ADC_DATA@adcChannel     cstackCOMMON 0079
PL10                        cinit        03DF
PL12                        cinit        03E6
PL14                        cinit        03ED
PL16                        cinit        03F3
PL2                         cinit        03A5
PL4                         cinit        03BE
PL6                         cinit        03CC
PL8                         cinit        03D8
_ADCAL                      (abs)        04EB
_ADCMPH                     (abs)        041B
_ADCON0                     (abs)        009D
_ADCON1                     (abs)        009E
_ADCON2                     (abs)        009F
_ADCON3                     (abs)        041A
_ADC_INITIAL                cinit        0072
_ADDLY                      (abs)        001F
_ADON                       (abs)        04E8
_ADRESH                     (abs)        009C
_ADRESL                     (abs)        009B
_ANSELA                     (abs)        0197
_CKOCON                     (abs)        0095
_DelayUs                    cinit        0195
_EEReadData                 bssBANK0     0042
_GET_ADC_DATA               cinit        0248
_GO                         (abs)        04E9
_INTCON                     (abs)        000B
_ISR                        intentry     0004
_LATA7                      (abs)        0867
_LATB1                      (abs)        0869
_LATD1                      (abs)        0879
_LATD2                      (abs)        087A
_LATD3                      (abs)        087B
_LATD4                      (abs)        087C
_LATD5                      (abs)        087D
_OSCCON                     (abs)        0099
_PA0                        (abs)        0060
_PA1                        (abs)        0061
_PA5                        (abs)        0065
_PA6                        (abs)        0066
_PA7                        (abs)        0067
_PB2                        (abs)        006A
_PB3                        (abs)        006B
_PB4                        (abs)        006C
_PB5                        (abs)        006D
_PC0                        (abs)        0070
_PC3                        (abs)        0073
_PC4                        (abs)        0074
_PC5                        (abs)        0075
_PC6                        (abs)        0076
_PC7                        (abs)        0077
_PCKEN                      (abs)        009A
_PORTA                      (abs)        000C
_PORTA_IN                   bssBANK0     0054
_PORTB                      (abs)        000D
_PORTC                      (abs)        000E
_PORTD                      (abs)        000F
_POWER_INITIAL              cinit        0089
_PSINK0                     (abs)        019A
_PSINK1                     (abs)        019B
_PSINK2                     (abs)        019C
_PSINK3                     (abs)        019D
_PSRC0                      (abs)        011A
_PSRC1                      (abs)        011B
_RA0                        (abs)        0060
_RA1                        (abs)        0061
_RC0                        (abs)        0070
_T1CEN                      (abs)        1088
_T2CEN                      (abs)        1860
_T4UIE                      (abs)        0890
_T4UIF                      (abs)        0898
_TCKSRC                     (abs)        031F
_TIM1CCER1                  (abs)        021D
_TIM2ARRH                   (abs)        0319
_TIM2ARRL                   (abs)        031A
_TIM2CCER1                  (abs)        0314
_TIM2CCER2                  (abs)        0315
_TIM2CCMR1                  (abs)        0311
_TIM2CCMR2                  (abs)        0312
_TIM2CCMR3                  (abs)        0313
_TIM2CCR1H                  (abs)        031B
_TIM2CCR1L                  (abs)        031C
_TIM2CCR2H                  (abs)        031D
_TIM2CCR2L                  (abs)        031E
_TIM2CCR3H                  (abs)        029E
_TIM2CCR3L                  (abs)        029F
_TIM2CNTRH                  (abs)        0316
_TIM2CNTRL                  (abs)        0317
_TIM2CR1                    (abs)        030C
_TIM2EGR                    (abs)        0310
_TIM2IER                    (abs)        030D
_TIM2SR1                    (abs)        030E
_TIM2SR2                    (abs)        030F
_TIM4ARR                    (abs)        0117
_TIM4CNTR                   (abs)        0115
_TIM4CR1                    (abs)        0111
_TIM4EGR                    (abs)        0114
_TIM4IER                    (abs)        0112
_TIM4PSCR                   (abs)        0116
_TIM4SR                     (abs)        0113
_TIMER0_INITIAL             cinit        00B8
_TRISA                      (abs)        008C
_TRISA7                     (abs)        0467
_TRISB                      (abs)        008D
_TRISC                      (abs)        008E
_TRISD                      (abs)        008F
_Time2Initial               cinit        00B9
_Time4Initial               cinit        00DF
_WPDA                       (abs)        020C
_WPDB                       (abs)        020D
_WPDC                       (abs)        020E
_WPDD                       (abs)        020F
_WPUA                       (abs)        018C
_WPUB                       (abs)        018D
_WPUC                       (abs)        018E
_WPUD                       (abs)        018F
__H_ad3nop_text             _ad3nop_text 0004
__Habs1                     abs1         0000
__Hbank0                    bank0        0000
__Hbank1                    bank1        0000
__Hbank10                   bank10       0000
__Hbank11                   bank11       0000
__Hbank12                   bank12       0000
__Hbank13                   bank13       0000
__Hbank14                   bank14       0000
__Hbank15                   bank15       0000
__Hbank16                   bank16       0000
__Hbank17                   bank17       0000
__Hbank18                   bank18       0000
__Hbank19                   bank19       0000
__Hbank2                    bank2        0000
__Hbank20                   bank20       0000
__Hbank21                   bank21       0000
__Hbank22                   bank22       0000
__Hbank23                   bank23       0000
__Hbank24                   bank24       0000
__Hbank25                   bank25       0000
__Hbank26                   bank26       0000
__Hbank27                   bank27       0000
__Hbank28                   bank28       0000
__Hbank29                   bank29       0000
__Hbank3                    bank3        0000
__Hbank30                   bank30       0000
__Hbank31                   bank31       0000
__Hbank4                    bank4        0000
__Hbank5                    bank5        0000
__Hbank6                    bank6        0000
__Hbank7                    bank7        0000
__Hbank8                    bank8        0000
__Hbank9                    bank9        0000
__Hbigram                   bigram       0000
__HbitbssBANK0              bitbssBANK0  0000
__HbitbssCOMMON             bitbssCOMMON 0000
__HbssBANK0                 bssBANK0     0000
__HbssBANK1                 bssBANK1     0000
__Hcinit                    cinit        040A
__Hclrtext                  clrtext      0000
__Hcode                     code         0000
__Hcommon                   common       0000
__Hconfig                   config       0000
__HcstackBANK0              cstackBANK0  0000
__HcstackCOMMON             cstackCOMMON 0000
__Heeprom_data              eeprom_data  0000
__Hend_init                 end_init     0031
__Hfunctab                  functab      0000
__Hidloc                    idloc        0000
__Hinit                     init         002F
__Hintentry                 intentry     002F
__Hmaintext                 maintext     0000
__Hpa_nodes0                pa_nodes0    0000
__Hpowerup                  powerup      0000
__Hram                      ram          0000
__Hreset_vec                reset_vec    0002
__Hsfr0                     sfr0         0000
__Hsfr1                     sfr1         0000
__Hsfr10                    sfr10        0000
__Hsfr11                    sfr11        0000
__Hsfr12                    sfr12        0000
__Hsfr13                    sfr13        0000
__Hsfr14                    sfr14        0000
__Hsfr15                    sfr15        0000
__Hsfr16                    sfr16        0000
__Hsfr17                    sfr17        0000
__Hsfr18                    sfr18        0000
__Hsfr19                    sfr19        0000
__Hsfr2                     sfr2         0000
__Hsfr20                    sfr20        0000
__Hsfr21                    sfr21        0000
__Hsfr22                    sfr22        0000
__Hsfr23                    sfr23        0000
__Hsfr24                    sfr24        0000
__Hsfr25                    sfr25        0000
__Hsfr26                    sfr26        0000
__Hsfr27                    sfr27        0000
__Hsfr28                    sfr28        0000
__Hsfr29                    sfr29        0000
__Hsfr3                     sfr3         0000
__Hsfr30                    sfr30        0000
__Hsfr31                    sfr31        0000
__Hsfr4                     sfr4         0000
__Hsfr5                     sfr5         0000
__Hsfr6                     sfr6         0000
__Hsfr7                     sfr7         0000
__Hsfr8                     sfr8         0000
__Hsfr9                     sfr9         0000
__Hspace_0                  (abs)        0410
__Hspace_1                  (abs)        038F
__Hspace_2                  (abs)        0000
__Hspace_3                  (abs)        0000
__Hstack                    stack        0000
__Hstrings                  strings      0000
__Htext                     text         0000
__L_ad3nop_text             _ad3nop_text 0003
__Labs1                     abs1         0000
__Lbank0                    bank0        0000
__Lbank1                    bank1        0000
__Lbank10                   bank10       0000
__Lbank11                   bank11       0000
__Lbank12                   bank12       0000
__Lbank13                   bank13       0000
__Lbank14                   bank14       0000
__Lbank15                   bank15       0000
__Lbank16                   bank16       0000
__Lbank17                   bank17       0000
__Lbank18                   bank18       0000
__Lbank19                   bank19       0000
__Lbank2                    bank2        0000
__Lbank20                   bank20       0000
__Lbank21                   bank21       0000
__Lbank22                   bank22       0000
__Lbank23                   bank23       0000
__Lbank24                   bank24       0000
__Lbank25                   bank25       0000
__Lbank26                   bank26       0000
__Lbank27                   bank27       0000
__Lbank28                   bank28       0000
__Lbank29                   bank29       0000
__Lbank3                    bank3        0000
__Lbank30                   bank30       0000
__Lbank31                   bank31       0000
__Lbank4                    bank4        0000
__Lbank5                    bank5        0000
__Lbank6                    bank6        0000
__Lbank7                    bank7        0000
__Lbank8                    bank8        0000
__Lbank9                    bank9        0000
__Lbigram                   bigram       0000
__LbitbssBANK0              bitbssBANK0  0000
__LbitbssCOMMON             bitbssCOMMON 0000
__LbssBANK0                 bssBANK0     0000
__LbssBANK1                 bssBANK1     0000
__Lcinit                    cinit        0031
__Lclrtext                  clrtext      0000
__Lcode                     code         0000
__Lcommon                   common       0000
__Lconfig                   config       0000
__LcstackBANK0              cstackBANK0  0000
__LcstackCOMMON             cstackCOMMON 0000
__Leeprom_data              eeprom_data  0000
__Lend_init                 end_init     002F
__Lfunctab                  functab      0000
__Lidloc                    idloc        0000
__Linit                     init         002F
__Lintentry                 intentry     0004
__Lmaintext                 maintext     0000
__Lpa_nodes0                pa_nodes0    0000
__Lpowerup                  powerup      0000
__Lram                      ram          0000
__Lreset_vec                reset_vec    0000
__Lsfr0                     sfr0         0000
__Lsfr1                     sfr1         0000
__Lsfr10                    sfr10        0000
__Lsfr11                    sfr11        0000
__Lsfr12                    sfr12        0000
__Lsfr13                    sfr13        0000
__Lsfr14                    sfr14        0000
__Lsfr15                    sfr15        0000
__Lsfr16                    sfr16        0000
__Lsfr17                    sfr17        0000
__Lsfr18                    sfr18        0000
__Lsfr19                    sfr19        0000
__Lsfr2                     sfr2         0000
__Lsfr20                    sfr20        0000
__Lsfr21                    sfr21        0000
__Lsfr22                    sfr22        0000
__Lsfr23                    sfr23        0000
__Lsfr24                    sfr24        0000
__Lsfr25                    sfr25        0000
__Lsfr26                    sfr26        0000
__Lsfr27                    sfr27        0000
__Lsfr28                    sfr28        0000
__Lsfr29                    sfr29        0000
__Lsfr3                     sfr3         0000
__Lsfr30                    sfr30        0000
__Lsfr31                    sfr31        0000
__Lsfr4                     sfr4         0000
__Lsfr5                     sfr5         0000
__Lsfr6                     sfr6         0000
__Lsfr7                     sfr7         0000
__Lsfr8                     sfr8         0000
__Lsfr9                     sfr9         0000
__Lspace_0                  (abs)        0000
__Lspace_1                  (abs)        0000
__Lspace_2                  (abs)        0000
__Lspace_3                  (abs)        0000
__Lstack                    stack        0000
__Lstrings                  strings      0000
__Ltext                     text         0000
__S0                        (abs)        0410
__S1                        (abs)        00B7
__S2                        (abs)        0000
__S3                        (abs)        0000
___int_sp                   stack        0000
___latbits                  (abs)        0002
___lmul                     cinit        026B
___lmul@multiplicand        cstackCOMMON 0076
___lmul@multiplier          cstackCOMMON 0072
___lmul@product             cstackCOMMON 007A
___sp                       stack        0000
___wmul                     cinit        0233
___wmul@multiplicand        cstackCOMMON 0074
___wmul@multiplier          cstackCOMMON 0072
___wmul@product             cstackCOMMON 0076
__end_ofPL10                cinit        03E6
__end_ofPL12                cinit        03ED
__end_ofPL14                cinit        03F3
__end_ofPL16                cinit        03F7
__end_ofPL2                 cinit        03BE
__end_ofPL4                 cinit        03CC
__end_ofPL6                 cinit        03D8
__end_ofPL8                 cinit        03DF
__end_of_ADC_INITIAL        cinit        0089
__end_of_DelayUs            cinit        01A4
__end_of_GET_ADC_DATA       cinit        026B
__end_of_ISR                intentry     002F
__end_of_POWER_INITIAL      cinit        00B8
__end_of_TIMER0_INITIAL     cinit        00B9
__end_of_Time2Initial       cinit        00DF
__end_of_Time4Initial       cinit        00F0
__end_of___lmul             cinit        0290
__end_of___wmul             cinit        0248
__end_of__initialization    cinit        0049
__end_of_ad3nop             _ad3nop_text 0004
__end_of_app                cinit        010E
__end_of_app10              cinit        0233
__end_of_app11              cinit        0195
__end_of_app30              cinit        033C
__end_of_app40              cinit        040A
__end_of_appbt              cinit        03A5
__end_of_key                cinit        029A
__end_of_main               cinit        0072
__end_of_readkey            cinit        02BF
__end_of_readmode           cinit        0316
__initialization            cinit        0031
__p_ad3nop_text             _ad3nop_text 0003
__pbitbssBANK0              bitbssBANK0  0310
__pbitbssCOMMON             bitbssCOMMON 0380
__pbssBANK0                 bssBANK0     0020
__pbssBANK1                 bssBANK1     00A0
__pcstackBANK0              cstackBANK0  0067
__pcstackCOMMON             cstackCOMMON 0072
__pintentry                 intentry     0004
__pmaintext                 cinit        004C
__ptext1                    cinit        0290
__ptext10                   cinit        0233
__ptext11                   cinit        026B
__ptext12                   cinit        0248
__ptext13                   cinit        0195
__ptext14                   cinit        00DF
__ptext15                   cinit        00B9
__ptext16                   cinit        00B8
__ptext17                   cinit        0089
__ptext18                   cinit        0072
__ptext2                    cinit        02BF
__ptext3                    cinit        029A
__ptext4                    cinit        00F0
__ptext5                    cinit        03F7
__ptext6                    cinit        010E
__ptext7                    cinit        033C
__ptext8                    cinit        0316
__ptext9                    cinit        01A4
__size_of_ADC_INITIAL       (abs)        0000
__size_of_DelayUs           (abs)        0000
__size_of_GET_ADC_DATA      (abs)        0000
__size_of_ISR               (abs)        0000
__size_of_POWER_INITIAL     (abs)        0000
__size_of_TIMER0_INITIAL    (abs)        0000
__size_of_Time2Initial      (abs)        0000
__size_of_Time4Initial      (abs)        0000
__size_of___lmul            (abs)        0000
__size_of___wmul            (abs)        0000
__size_of_app               (abs)        0000
__size_of_app10             (abs)        0000
__size_of_app11             (abs)        0000
__size_of_app30             (abs)        0000
__size_of_app40             (abs)        0000
__size_of_appbt             (abs)        0000
__size_of_key               (abs)        0000
__size_of_main              (abs)        0000
__size_of_readkey           (abs)        0000
__size_of_readmode          (abs)        0000
_ad3nop                     _ad3nop_text 0003
_ad3nop_absaddr             (abs)        0003
_adc0Data                   bssBANK0     0038
_adc0Databuf                bssBANK0     0036
_adcData                    bssBANK0     003E
_adcDatabuf                 bssBANK0     003C
_app                        cinit        00F0
_app10                      cinit        01A4
_app11                      cinit        010E
_app30                      cinit        0316
_app40                      cinit        03F7
_appbt                      cinit        033C
_bat_ch_in_and_out_max_data bssBANK1     00A9
_ch_full_led_count          bssBANK1     00A5
_ch_in_count                bssBANK0     004D
_f_10ms                     bitbssCOMMON 038E
_f_1ma                      bitbssCOMMON 038C
_f_1ms                      bitbssBANK0  0332
_f_1s                       bitbssCOMMON 038D
_f_2ma                      bitbssCOMMON 038B
_f_2t                       bitbssBANK0  0312
_f_3ma                      bitbssCOMMON 038A
_f_4ma                      bitbssCOMMON 0389
_f_aderr                    bitbssBANK0  0310
_f_buz                      bitbssBANK0  0317
_f_cds                      bitbssBANK0  032B
_f_conduction               bitbssCOMMON 0382
_f_dc                       bitbssBANK0  032F
_f_dcfast                   bitbssBANK0  0321
_f_delay2s                  bitbssBANK0  0326
_f_delay3m                  bitbssBANK0  0325
_f_hh                       bitbssBANK0  0314
_f_io                       bitbssBANK0  0330
_f_key1                     bitbssCOMMON 0380
_f_key1and2                 bitbssBANK0  031D
_f_key1l                    bitbssBANK0  031C
_f_key1s                    bitbssBANK0  031E
_f_key2                     bitbssBANK0  0331
_f_kfin                     bitbssBANK0  032A
_f_led1                     bitbssCOMMON 0388
_f_led2                     bitbssCOMMON 0387
_f_led3                     bitbssCOMMON 0386
_f_led4                     bitbssCOMMON 0385
_f_ledlevel                 bitbssCOMMON 0381
_f_ledoff                   bitbssCOMMON 0383
_f_nop                      bitbssBANK0  0327
_f_np3m                     bitbssBANK0  0324
_f_ntc                      bitbssBANK0  032C
_f_off                      bitbssBANK0  0313
_f_on                       bitbssBANK0  031F
_f_one                      bitbssBANK0  0316
_f_push                     bitbssBANK0  0318
_f_pwm                      bitbssBANK0  0315
_f_pwmno                    bitbssBANK0  0311
_f_readeep                  bitbssBANK0  031B
_f_rled                     bitbssBANK0  0320
_f_sleep                    bitbssCOMMON 0384
_f_test                     bitbssBANK0  031A
_f_wled                     bitbssBANK0  0322
_f_xd                       bitbssBANK0  0323
_fb_dc                      bitbssBANK0  032E
_fb_kfin                    bitbssBANK0  0329
_fb_ntc                     bitbssBANK0  032D
_first_count                bssBANK0     0047
_fl_kfin                    bitbssBANK0  0328
_int_count                  bssBANK0     004E
_key                        cinit        0290
_led_com_count              bssBANK0     0048
_led_count                  bssBANK0     0052
_led_dis_buf                bssBANK0     004B
_led_on_count               bssBANK1     00A7
_led_ram                    bssBANK1     00A0
_led_times                  bssBANK0     0051
_lvd_count                  bssBANK0     0050
_lvd_off_count              bssBANK0     004F
_main                       cinit        004C
_number                     bssBANK0     004C
_r_1ms                      bssBANK0     0058
_r_1stime                   bssBANK0     002C
_r_50mstime                 bssBANK0     0060
_r_adbtbuf                  bssBANK0     0030
_r_adbttimes                bssBANK0     0061
_r_adbuf                    bssBANK0     0032
_r_adtimes                  bssBANK0     005F
_r_adval1                   bssBANK0     0041
_r_bufpwm                   bssBANK0     0057
_r_buztime                  bssBANK0     0022
_r_buzzer                   bssBANK0     0026
_r_dc                       bssBANK0     002A
_r_delay2s                  bssBANK1     00B1
_r_delay2sh                 bssBANK1     00AF
_r_delay3m                  bssBANK1     00AD
_r_key                      bssBANK0     0059
_r_keycvt                   bssBANK0     005A
_r_keyst                    bssBANK0     005B
_r_kfin                     bssBANK1     00B5
_r_ledlevel                 bssBANK0     0046
_r_ledlevelbuf              bssBANK0     0045
_r_ledleveldelay            bssBANK0     0044
_r_levelbuf                 bssBANK1     00A3
_r_leveldelay               bssBANK0     0020
_r_mode                     bssBANK0     005E
_r_modeS                    bssBANK0     005D
_r_ntc                      bssBANK0     0028
_r_onkey                    bssBANK0     0024
_r_ontime                   bssBANK0     002E
_r_pwmt                     bssBANK0     0040
_r_spwm                     bssBANK0     0055
_r_test                     bssBANK0     005C
_r_vef                      bssBANK0     0056
_r_xdtime                   bssBANK1     00AB
_readkey                    cinit        029A
_readmode                   cinit        02BF
_readmode$12722             cstackCOMMON 0072
_rl_kfin                    bssBANK1     00B3
_sleep_count                bssBANK0     0053
_sleep_ok_f                 bitbssBANK0  0319
_stop_count                 bssBANK0     0043
_the0Voltage                bssBANK0     0034
_theVoltage                 bssBANK0     003A
_this_dis_bat_data          bssBANK0     004A
_tig_dis_bat_data           bssBANK0     0049
btemp                       (abs)        007E
clear_ram0                  clrtext      040A
end_of_initialization       cinit        0049
int$flags                   (abs)        007E
intlevel0                   functab      0000
intlevel1                   functab      0000
intlevel2                   functab      0000
intlevel3                   functab      0000
intlevel4                   functab      0000
intlevel5                   functab      0000
reset_vec                   reset_vec    0000
stackhi                     (abs)        23EF
stacklo                     (abs)        2067
start                       init         002F
start_initialization        cinit        0031
wtemp0                      (abs)        007E


FUNCTION INFORMATION:

 *************** function _main *****************
 Defined at:
		line 30 in file "Cc_2033Anmo.C"
 Parameters:    Size  Location     Type
		None
 Auto vars:     Size  Location     Type
		None
 Return value:  Size  Location     Type
                  2  2592[None  ] int 
 Registers used:
		wreg, status,2, status,0, pclath, cstack
 Tracked objects:
		On entry : 
		On exit  : 
		Unchanged: 
 Data sizes:     COMMON   BANK0   BANK1   BANK2   BANK3   BANK4   BANK5   BANK6   BANK7   BANK8   BANK9  BANK10  BANK11  BANK12
      Params:         0       0       0       0       0       0       0       0       0       0       0       0       0       0
      Locals:         0       0       0       0       0       0       0       0       0       0       0       0       0       0
      Temps:          0       0       0       0       0       0       0       0       0       0       0       0       0       0
      Totals:         0       0       0       0       0       0       0       0       0       0       0       0       0       0
Total ram usage:        0 bytes
 Hardware stack levels required when called:    6
 This function calls:
		_ADC_INITIAL
		_POWER_INITIAL
		_TIMER0_INITIAL
		_Time2Initial
		_Time4Initial
		_app
		_key
 This function is called by:
		Startup code after reset
 This function uses a non-reentrant model


 *************** function _key *****************
 Defined at:
		line 29 in file "CC_KEY.C"
 Parameters:    Size  Location     Type
		None
 Auto vars:     Size  Location     Type
		None
 Return value:  Size  Location     Type
                  1    wreg      void 
 Registers used:
		wreg, status,2, status,0, pclath, cstack
 Tracked objects:
		On entry : 
		On exit  : 
		Unchanged: 
 Data sizes:     COMMON   BANK0   BANK1   BANK2   BANK3   BANK4   BANK5   BANK6   BANK7   BANK8   BANK9  BANK10  BANK11  BANK12
      Params:         0       0       0       0       0       0       0       0       0       0       0       0       0       0
      Locals:         0       0       0       0       0       0       0       0       0       0       0       0       0       0
      Temps:          0       0       0       0       0       0       0       0       0       0       0       0       0       0
      Totals:         0       0       0       0       0       0       0       0       0       0       0       0       0       0
Total ram usage:        0 bytes
 Hardware stack levels used:    1
 Hardware stack levels required when called:    2
 This function calls:
		_readkey
		_readmode
 This function is called by:
		_main
 This function uses a non-reentrant model


 *************** function _readmode *****************
 Defined at:
		line 82 in file "CC_KEY.C"
 Parameters:    Size  Location     Type
		None
 Auto vars:     Size  Location     Type
		None
 Return value:  Size  Location     Type
                  1    wreg      void 
 Registers used:
		wreg, status,2, status,0
 Tracked objects:
		On entry : 
		On exit  : 
		Unchanged: 
 Data sizes:     COMMON   BANK0   BANK1   BANK2   BANK3   BANK4   BANK5   BANK6   BANK7   BANK8   BANK9  BANK10  BANK11  BANK12
      Params:         0       0       0       0       0       0       0       0       0       0       0       0       0       0
      Locals:         1       0       0       0       0       0       0       0       0       0       0       0       0       0
      Temps:          0       0       0       0       0       0       0       0       0       0       0       0       0       0
      Totals:         1       0       0       0       0       0       0       0       0       0       0       0       0       0
Total ram usage:        1 bytes
 Hardware stack levels used:    1
 Hardware stack levels required when called:    1
 This function calls:
		Nothing
 This function is called by:
		_key
 This function uses a non-reentrant model


 *************** function _readkey *****************
 Defined at:
		line 44 in file "CC_KEY.C"
 Parameters:    Size  Location     Type
		None
 Auto vars:     Size  Location     Type
		None
 Return value:  Size  Location     Type
                  1    wreg      void 
 Registers used:
		wreg, status,2, status,0
 Tracked objects:
		On entry : 
		On exit  : 
		Unchanged: 
 Data sizes:     COMMON   BANK0   BANK1   BANK2   BANK3   BANK4   BANK5   BANK6   BANK7   BANK8   BANK9  BANK10  BANK11  BANK12
      Params:         0       0       0       0       0       0       0       0       0       0       0       0       0       0
      Locals:         0       0       0       0       0       0       0       0       0       0       0       0       0       0
      Temps:          0       0       0       0       0       0       0       0       0       0       0       0       0       0
      Totals:         0       0       0       0       0       0       0       0       0       0       0       0       0       0
Total ram usage:        0 bytes
 Hardware stack levels used:    1
 Hardware stack levels required when called:    1
 This function calls:
		Nothing
 This function is called by:
		_key
 This function uses a non-reentrant model


 *************** function _app *****************
 Defined at:
		line 30 in file "CC_APP.c"
 Parameters:    Size  Location     Type
		None
 Auto vars:     Size  Location     Type
		None
 Return value:  Size  Location     Type
                  1    wreg      void 
 Registers used:
		wreg, status,2, status,0, pclath, cstack
 Tracked objects:
		On entry : 
		On exit  : 
		Unchanged: 
 Data sizes:     COMMON   BANK0   BANK1   BANK2   BANK3   BANK4   BANK5   BANK6   BANK7   BANK8   BANK9  BANK10  BANK11  BANK12
      Params:         0       0       0       0       0       0       0       0       0       0       0       0       0       0
      Locals:         0       0       0       0       0       0       0       0       0       0       0       0       0       0
      Temps:          0       0       0       0       0       0       0       0       0       0       0       0       0       0
      Totals:         0       0       0       0       0       0       0       0       0       0       0       0       0       0
Total ram usage:        0 bytes
 Hardware stack levels used:    1
 Hardware stack levels required when called:    5
 This function calls:
		_app11
		_app40
 This function is called by:
		_main
 This function uses a non-reentrant model


 *************** function _app40 *****************
 Defined at:
		line 366 in file "CC_APP.c"
 Parameters:    Size  Location     Type
		None
 Auto vars:     Size  Location     Type
		None
 Return value:  Size  Location     Type
                  1    wreg      void 
 Registers used:
		wreg, status,2, status,0
 Tracked objects:
		On entry : 
		On exit  : 
		Unchanged: 
 Data sizes:     COMMON   BANK0   BANK1   BANK2   BANK3   BANK4   BANK5   BANK6   BANK7   BANK8   BANK9  BANK10  BANK11  BANK12
      Params:         0       0       0       0       0       0       0       0       0       0       0       0       0       0
      Locals:         0       0       0       0       0       0       0       0       0       0       0       0       0       0
      Temps:          0       0       0       0       0       0       0       0       0       0       0       0       0       0
      Totals:         0       0       0       0       0       0       0       0       0       0       0       0       0       0
Total ram usage:        0 bytes
 Hardware stack levels used:    1
 Hardware stack levels required when called:    1
 This function calls:
		Nothing
 This function is called by:
		_app
 This function uses a non-reentrant model


 *************** function _app11 *****************
 Defined at:
		line 189 in file "CC_APP.c"
 Parameters:    Size  Location     Type
		None
 Auto vars:     Size  Location     Type
		None
 Return value:  Size  Location     Type
                  1    wreg      void 
 Registers used:
		wreg, status,2, status,0, pclath, cstack
 Tracked objects:
		On entry : 
		On exit  : 
		Unchanged: 
 Data sizes:     COMMON   BANK0   BANK1   BANK2   BANK3   BANK4   BANK5   BANK6   BANK7   BANK8   BANK9  BANK10  BANK11  BANK12
      Params:         0       0       0       0       0       0       0       0       0       0       0       0       0       0
      Locals:         0       0       0       0       0       0       0       0       0       0       0       0       0       0
      Temps:          0       4       0       0       0       0       0       0       0       0       0       0       0       0
      Totals:         0       4       0       0       0       0       0       0       0       0       0       0       0       0
Total ram usage:        4 bytes
 Hardware stack levels used:    1
 Hardware stack levels required when called:    4
 This function calls:
		_DelayUs
		_app10
		_app30
		_appbt
 This function is called by:
		_app
 This function uses a non-reentrant model


 *************** function _appbt *****************
 Defined at:
		line 75 in file "CC_APP.c"
 Parameters:    Size  Location     Type
		None
 Auto vars:     Size  Location     Type
		None
 Return value:  Size  Location     Type
                  1    wreg      void 
 Registers used:
		wreg, status,2, status,0, pclath, cstack
 Tracked objects:
		On entry : 
		On exit  : 
		Unchanged: 
 Data sizes:     COMMON   BANK0   BANK1   BANK2   BANK3   BANK4   BANK5   BANK6   BANK7   BANK8   BANK9  BANK10  BANK11  BANK12
      Params:         0       0       0       0       0       0       0       0       0       0       0       0       0       0
      Locals:         0       0       0       0       0       0       0       0       0       0       0       0       0       0
      Temps:          0       4       0       0       0       0       0       0       0       0       0       0       0       0
      Totals:         0       4       0       0       0       0       0       0       0       0       0       0       0       0
Total ram usage:        4 bytes
 Hardware stack levels used:    1
 Hardware stack levels required when called:    3
 This function calls:
		_GET_ADC_DATA
		___lmul
 This function is called by:
		_app11
 This function uses a non-reentrant model


 *************** function _app30 *****************
 Defined at:
		line 403 in file "CC_APP.c"
 Parameters:    Size  Location     Type
		None
 Auto vars:     Size  Location     Type
		None
 Return value:  Size  Location     Type
                  1    wreg      void 
 Registers used:
		wreg, status,2, status,0, pclath, cstack
 Tracked objects:
		On entry : 
		On exit  : 
		Unchanged: 
 Data sizes:     COMMON   BANK0   BANK1   BANK2   BANK3   BANK4   BANK5   BANK6   BANK7   BANK8   BANK9  BANK10  BANK11  BANK12
      Params:         0       0       0       0       0       0       0       0       0       0       0       0       0       0
      Locals:         0       0       0       0       0       0       0       0       0       0       0       0       0       0
      Temps:          0       0       0       0       0       0       0       0       0       0       0       0       0       0
      Totals:         0       0       0       0       0       0       0       0       0       0       0       0       0       0
Total ram usage:        0 bytes
 Hardware stack levels used:    1
 Hardware stack levels required when called:    2
 This function calls:
		_DelayUs
 This function is called by:
		_app11
 This function uses a non-reentrant model


 *************** function _app10 *****************
 Defined at:
		line 126 in file "CC_APP.c"
 Parameters:    Size  Location     Type
		None
 Auto vars:     Size  Location     Type
		None
 Return value:  Size  Location     Type
                  1    wreg      void 
 Registers used:
		wreg, status,2, status,0, pclath, cstack
 Tracked objects:
		On entry : 
		On exit  : 
		Unchanged: 
 Data sizes:     COMMON   BANK0   BANK1   BANK2   BANK3   BANK4   BANK5   BANK6   BANK7   BANK8   BANK9  BANK10  BANK11  BANK12
      Params:         0       0       0       0       0       0       0       0       0       0       0       0       0       0
      Locals:         0       0       0       0       0       0       0       0       0       0       0       0       0       0
      Temps:          0       4       0       0       0       0       0       0       0       0       0       0       0       0
      Totals:         0       4       0       0       0       0       0       0       0       0       0       0       0       0
Total ram usage:        4 bytes
 Hardware stack levels used:    1
 Hardware stack levels required when called:    3
 This function calls:
		_GET_ADC_DATA
		___lmul
		___wmul
 This function is called by:
		_app11
 This function uses a non-reentrant model


 *************** function ___wmul *****************
 Defined at:
		line 15 in file "C:\Users\ulrd0\OneDrive - Udyamlabs LLP\Fisher Wallace\OneDrive_2023-11-16\Source Code Shared to UL\IDE3.0.9\data\sources\common\Umul16.c"
 Parameters:    Size  Location     Type
  multiplier      2    0[COMMON] unsigned int 
  multiplicand    2    2[COMMON] unsigned int 
 Auto vars:     Size  Location     Type
  product         2    4[COMMON] unsigned int 
 Return value:  Size  Location     Type
                  2    0[COMMON] unsigned int 
 Registers used:
		wreg, status,2, status,0
 Tracked objects:
		On entry : 
		On exit  : 
		Unchanged: 
 Data sizes:     COMMON   BANK0   BANK1   BANK2   BANK3   BANK4   BANK5   BANK6   BANK7   BANK8   BANK9  BANK10  BANK11  BANK12
      Params:         4       0       0       0       0       0       0       0       0       0       0       0       0       0
      Locals:         2       0       0       0       0       0       0       0       0       0       0       0       0       0
      Temps:          0       0       0       0       0       0       0       0       0       0       0       0       0       0
      Totals:         6       0       0       0       0       0       0       0       0       0       0       0       0       0
Total ram usage:        6 bytes
 Hardware stack levels used:    1
 Hardware stack levels required when called:    1
 This function calls:
		Nothing
 This function is called by:
		_app10
 This function uses a non-reentrant model


 *************** function ___lmul *****************
 Defined at:
		line 15 in file "C:\Users\ulrd0\OneDrive - Udyamlabs LLP\Fisher Wallace\OneDrive_2023-11-16\Source Code Shared to UL\IDE3.0.9\data\sources\common\Umul32.c"
 Parameters:    Size  Location     Type
  multiplier      4    0[COMMON] unsigned long 
  multiplicand    4    4[COMMON] unsigned long 
 Auto vars:     Size  Location     Type
  product         4    8[COMMON] unsigned long 
 Return value:  Size  Location     Type
                  4    0[COMMON] unsigned long 
 Registers used:
		wreg, status,2, status,0
 Tracked objects:
		On entry : 
		On exit  : 
		Unchanged: 
 Data sizes:     COMMON   BANK0   BANK1   BANK2   BANK3   BANK4   BANK5   BANK6   BANK7   BANK8   BANK9  BANK10  BANK11  BANK12
      Params:         8       0       0       0       0       0       0       0       0       0       0       0       0       0
      Locals:         4       0       0       0       0       0       0       0       0       0       0       0       0       0
      Temps:          0       0       0       0       0       0       0       0       0       0       0       0       0       0
      Totals:        12       0       0       0       0       0       0       0       0       0       0       0       0       0
Total ram usage:       12 bytes
 Hardware stack levels used:    1
 Hardware stack levels required when called:    1
 This function calls:
		Nothing
 This function is called by:
		_appbt
		_app10
 This function uses a non-reentrant model


 *************** function _GET_ADC_DATA *****************
 Defined at:
		line 40 in file "CC_FUN.C"
 Parameters:    Size  Location     Type
  adcChannel      1    wreg     unsigned char 
 Auto vars:     Size  Location     Type
  adcChannel      1    7[COMMON] unsigned char 
 Return value:  Size  Location     Type
                  2    4[COMMON] unsigned int 
 Registers used:
		wreg, status,2, status,0, pclath, cstack
 Tracked objects:
		On entry : 
		On exit  : 
		Unchanged: 
 Data sizes:     COMMON   BANK0   BANK1   BANK2   BANK3   BANK4   BANK5   BANK6   BANK7   BANK8   BANK9  BANK10  BANK11  BANK12
      Params:         2       0       0       0       0       0       0       0       0       0       0       0       0       0
      Locals:         1       0       0       0       0       0       0       0       0       0       0       0       0       0
      Temps:          1       0       0       0       0       0       0       0       0       0       0       0       0       0
      Totals:         4       0       0       0       0       0       0       0       0       0       0       0       0       0
Total ram usage:        4 bytes
 Hardware stack levels used:    1
 Hardware stack levels required when called:    2
 This function calls:
		_DelayUs
 This function is called by:
		_appbt
		_app10
 This function uses a non-reentrant model


 *************** function _DelayUs *****************
 Defined at:
		line 56 in file "CC_FUN.C"
 Parameters:    Size  Location     Type
  Time            2    0[COMMON] unsigned int 
 Auto vars:     Size  Location     Type
  a               2    2[COMMON] unsigned int 
 Return value:  Size  Location     Type
                  1    wreg      void 
 Registers used:
		wreg, status,2, status,0
 Tracked objects:
		On entry : 
		On exit  : 
		Unchanged: 
 Data sizes:     COMMON   BANK0   BANK1   BANK2   BANK3   BANK4   BANK5   BANK6   BANK7   BANK8   BANK9  BANK10  BANK11  BANK12
      Params:         2       0       0       0       0       0       0       0       0       0       0       0       0       0
      Locals:         2       0       0       0       0       0       0       0       0       0       0       0       0       0
      Temps:          0       0       0       0       0       0       0       0       0       0       0       0       0       0
      Totals:         4       0       0       0       0       0       0       0       0       0       0       0       0       0
Total ram usage:        4 bytes
 Hardware stack levels used:    1
 Hardware stack levels required when called:    1
 This function calls:
		Nothing
 This function is called by:
		_GET_ADC_DATA
		_app11
		_app30
 This function uses a non-reentrant model


 *************** function _Time4Initial *****************
 Defined at:
		line 778 in file "CC_INT.C"
 Parameters:    Size  Location     Type
		None
 Auto vars:     Size  Location     Type
		None
 Return value:  Size  Location     Type
                  1    wreg      void 
 Registers used:
		wreg, status,2, status,0
 Tracked objects:
		On entry : 
		On exit  : 
		Unchanged: 
 Data sizes:     COMMON   BANK0   BANK1   BANK2   BANK3   BANK4   BANK5   BANK6   BANK7   BANK8   BANK9  BANK10  BANK11  BANK12
      Params:         0       0       0       0       0       0       0       0       0       0       0       0       0       0
      Locals:         0       0       0       0       0       0       0       0       0       0       0       0       0       0
      Temps:          0       0       0       0       0       0       0       0       0       0       0       0       0       0
      Totals:         0       0       0       0       0       0       0       0       0       0       0       0       0       0
Total ram usage:        0 bytes
 Hardware stack levels used:    1
 Hardware stack levels required when called:    1
 This function calls:
		Nothing
 This function is called by:
		_main
 This function uses a non-reentrant model


 *************** function _Time2Initial *****************
 Defined at:
		line 391 in file "CC_INT.C"
 Parameters:    Size  Location     Type
		None
 Auto vars:     Size  Location     Type
		None
 Return value:  Size  Location     Type
                  1    wreg      void 
 Registers used:
		wreg, status,2
 Tracked objects:
		On entry : 
		On exit  : 
		Unchanged: 
 Data sizes:     COMMON   BANK0   BANK1   BANK2   BANK3   BANK4   BANK5   BANK6   BANK7   BANK8   BANK9  BANK10  BANK11  BANK12
      Params:         0       0       0       0       0       0       0       0       0       0       0       0       0       0
      Locals:         0       0       0       0       0       0       0       0       0       0       0       0       0       0
      Temps:          0       0       0       0       0       0       0       0       0       0       0       0       0       0
      Totals:         0       0       0       0       0       0       0       0       0       0       0       0       0       0
Total ram usage:        0 bytes
 Hardware stack levels used:    1
 Hardware stack levels required when called:    1
 This function calls:
		Nothing
 This function is called by:
		_main
 This function uses a non-reentrant model


 *************** function _TIMER0_INITIAL *****************
 Defined at:
		line 767 in file "CC_INT.C"
 Parameters:    Size  Location     Type
		None
 Auto vars:     Size  Location     Type
		None
 Return value:  Size  Location     Type
                  1    wreg      void 
 Registers used:
		None
 Tracked objects:
		On entry : 
		On exit  : 
		Unchanged: 
 Data sizes:     COMMON   BANK0   BANK1   BANK2   BANK3   BANK4   BANK5   BANK6   BANK7   BANK8   BANK9  BANK10  BANK11  BANK12
      Params:         0       0       0       0       0       0       0       0       0       0       0       0       0       0
      Locals:         0       0       0       0       0       0       0       0       0       0       0       0       0       0
      Temps:          0       0       0       0       0       0       0       0       0       0       0       0       0       0
      Totals:         0       0       0       0       0       0       0       0       0       0       0       0       0       0
Total ram usage:        0 bytes
 Hardware stack levels used:    1
 Hardware stack levels required when called:    1
 This function calls:
		Nothing
 This function is called by:
		_main
 This function uses a non-reentrant model


 *************** function _POWER_INITIAL *****************
 Defined at:
		line 16 in file "CC_INT.C"
 Parameters:    Size  Location     Type
		None
 Auto vars:     Size  Location     Type
		None
 Return value:  Size  Location     Type
                  1    wreg      void 
 Registers used:
		wreg, status,2
 Tracked objects:
		On entry : 
		On exit  : 
		Unchanged: 
 Data sizes:     COMMON   BANK0   BANK1   BANK2   BANK3   BANK4   BANK5   BANK6   BANK7   BANK8   BANK9  BANK10  BANK11  BANK12
      Params:         0       0       0       0       0       0       0       0       0       0       0       0       0       0
      Locals:         0       0       0       0       0       0       0       0       0       0       0       0       0       0
      Temps:          0       0       0       0       0       0       0       0       0       0       0       0       0       0
      Totals:         0       0       0       0       0       0       0       0       0       0       0       0       0       0
Total ram usage:        0 bytes
 Hardware stack levels used:    1
 Hardware stack levels required when called:    1
 This function calls:
		Nothing
 This function is called by:
		_main
 This function uses a non-reentrant model


 *************** function _ADC_INITIAL *****************
 Defined at:
		line 626 in file "CC_INT.C"
 Parameters:    Size  Location     Type
		None
 Auto vars:     Size  Location     Type
		None
 Return value:  Size  Location     Type
                  1    wreg      void 
 Registers used:
		wreg, status,2
 Tracked objects:
		On entry : 
		On exit  : 
		Unchanged: 
 Data sizes:     COMMON   BANK0   BANK1   BANK2   BANK3   BANK4   BANK5   BANK6   BANK7   BANK8   BANK9  BANK10  BANK11  BANK12
      Params:         0       0       0       0       0       0       0       0       0       0       0       0       0       0
      Locals:         0       0       0       0       0       0       0       0       0       0       0       0       0       0
      Temps:          0       0       0       0       0       0       0       0       0       0       0       0       0       0
      Totals:         0       0       0       0       0       0       0       0       0       0       0       0       0       0
Total ram usage:        0 bytes
 Hardware stack levels used:    1
 Hardware stack levels required when called:    1
 This function calls:
		Nothing
 This function is called by:
		_main
 This function uses a non-reentrant model


 *************** function _ISR *****************
 Defined at:
		line 851 in file "CC_INT.C"
 Parameters:    Size  Location     Type
		None
 Auto vars:     Size  Location     Type
		None
 Return value:  Size  Location     Type
                  1    wreg      void 
 Registers used:
		wreg, status,2, status,0
 Tracked objects:
		On entry : 
		On exit  : 
		Unchanged: 
 Data sizes:     COMMON   BANK0   BANK1   BANK2   BANK3   BANK4   BANK5   BANK6   BANK7   BANK8   BANK9  BANK10  BANK11  BANK12
      Params:         0       0       0       0       0       0       0       0       0       0       0       0       0       0
      Locals:         0       0       0       0       0       0       0       0       0       0       0       0       0       0
      Temps:          0       0       0       0       0       0       0       0       0       0       0       0       0       0
      Totals:         0       0       0       0       0       0       0       0       0       0       0       0       0       0
Total ram usage:        0 bytes
 Hardware stack levels used:    1
 This function calls:
		Nothing
 This function is called by:
		Interrupt level 1
 This function uses a non-reentrant model



MODULE INFORMATION

Module		Function		Class		Link	Load	Size
CC_KEY.C
		_key           		CODE           	0290	0000	11
		_readkey       		CODE           	029A	0000	38
		_readmode      		CODE           	02BF	0000	88

CC_KEY.C estimated size: 137

C:\Users\ulrd0\OneDrive - Udyamlabs LLP\Fisher Wallace\OneDrive_2023-11-16\Source Code Shared to UL\IDE3.0.9\data\sources\common\Umul16.c
		___wmul        		CODE           	0233	0000	22

C:\Users\ulrd0\OneDrive - Udyamlabs LLP\Fisher Wallace\OneDrive_2023-11-16\Source Code Shared to UL\IDE3.0.9\data\sources\common\Umul16.c estimated size: 22

CC_INT.C
		_Time2Initial  		CODE           	00B9	0000	39
		_ISR           		CODE           	0004	0000	44
		_Time4Initial  		CODE           	00DF	0000	18
		_POWER_INITIAL 		CODE           	0089	0000	48
		_ADC_INITIAL   		CODE           	0072	0000	24
		_TIMER0_INITIAL		CODE           	00B8	0000	2

CC_INT.C estimated size: 175

CC_FUN.C
		_DelayUs       		CODE           	0195	0000	16
		_GET_ADC_DATA  		CODE           	0248	0000	36

CC_FUN.C estimated size: 52

shared
		PL12           		CODE           	03E6	0000	8
		PL8            		CODE           	03D8	0000	8
		PL14           		CODE           	03ED	0000	7
		PL16           		CODE           	03F3	0000	5
		__initialization		CODE           	0031	0000	25
		_ad3nop        		CODE           	0003	0000	2
		PL2            		CODE           	03A5	0000	26
		PL10           		CODE           	03DF	0000	8
		PL4            		CODE           	03BE	0000	15
		PL6            		CODE           	03CC	0000	13

shared estimated size: 117

C:\Users\ulrd0\OneDrive - Udyamlabs LLP\Fisher Wallace\OneDrive_2023-11-16\Source Code Shared to UL\IDE3.0.9\data\sources\common\Umul32.c
		___lmul        		CODE           	026B	0000	38

C:\Users\ulrd0\OneDrive - Udyamlabs LLP\Fisher Wallace\OneDrive_2023-11-16\Source Code Shared to UL\IDE3.0.9\data\sources\common\Umul32.c estimated size: 38

CC_APP.c
		_app40         		CODE           	03F7	0000	20
		_app           		CODE           	00F0	0000	31
		_appbt         		CODE           	033C	0000	106
		_app10         		CODE           	01A4	0000	144
		_app11         		CODE           	010E	0000	136
		_app30         		CODE           	0316	0000	39

CC_APP.c estimated size: 476

Cc_2033Anmo.C
		_main          		CODE           	004C	0000	39

Cc_2033Anmo.C estimated size: 39

